// Jest Snapshot v1, https://goo.gl/fbAQLP

exports[`FixSelectedButton should render 1`] = `
<form
  action="/job_invocations/new"
  method="post"
>
  <Button
    active={false}
    block={false}
    bsClass="btn"
    bsStyle="default"
    disabled={false}
    type="submit"
  >
    Fix All
  </Button>
  <input
    name="authenticity_token"
    type="hidden"
    value="abcd"
  />
  <input
    name="feature"
    type="hidden"
    value="leapp_remediation_plan"
  />
  <input
    key="5"
    name="host_ids[]"
    type="hidden"
    value={5}
  />
  <input
    name="inputs[remediation_ids]"
    type="hidden"
    value="115"
  />
</form>
`;
