// Jest Snapshot v1, https://goo.gl/fbAQLP

exports[`PreupgradeReportsSelectors should return error 1`] = `
Object {
  "errorMsg": "Error",
  "statusText": "Status text",
}
`;

exports[`PreupgradeReportsSelectors should return loading state 1`] = `false`;

exports[`PreupgradeReportsSelectors should return preupgrade reports 1`] = `
Array [
  Object {
    "entries": Array [
      Object {
        "id": 42,
        "severity": "Too severe to talk about",
        "title": "Fix me!",
      },
      Object {
        "id": 43,
        "severity": "medium",
        "title": "I am broken too",
      },
    ],
    "hostId": 5,
  },
  Object {
    "entries": Array [
      Object {
        "id": 44,
        "severity": "high",
        "title": "Octocat is not happy",
      },
      Object {
        "id": 45,
        "severity": "low",
        "title": "Not enough credits",
      },
    ],
    "hostId": 6,
  },
]
`;
