// Jest Snapshot v1, https://goo.gl/fbAQLP

exports[`EmptyInfoItem should render 1`] = `
<InfoItem
  itemId="5-7-title"
  tooltipText=""
/>
`;
